00:00:00.290810 main     VirtualBox XPCOM Server 7.2.6 r172322 linux.amd64 (Jan 28 2026 17:11:43) release log
00:00:00.290812 main     Log opened 2026-03-20T18:08:22.448456000Z
00:00:00.290812 main     Build Type: release
00:00:00.290814 main     OS Product: Linux
00:00:00.290814 main     OS Release: 6.18.18-1-lts
00:00:00.290815 main     OS Version: #1 SMP PREEMPT_DYNAMIC Fri, 13 Mar 2026 20:22:24 +0000
00:00:00.290831 main     DMI Product Name: Pichau Alphard B560M-T
00:00:00.290838 main     DMI Product Version: 
00:00:00.290842 main     Firmware type: UEFI
00:00:00.291053 main     Secure Boot: Disabled
00:00:00.291096 main     Host RAM: 15854MB (15.4GB) total, 10883MB (10.6GB) available
00:00:00.291099 main     Executable: /usr/lib/virtualbox/VBoxSVC
00:00:00.291100 main     Process ID: 5343
00:00:00.291100 main     Package type: LINUX_64BITS_GENERIC (OSE)
00:00:00.297795 main     IPC socket path: /tmp/.vbox-vinicius-ipc/ipcd
00:00:00.299502 DCon01   VirtualBox: object creation starts
00:00:00.299556 DCon01   Home directory: '/home/vinicius/.config/VirtualBox'
00:00:00.299685 DCon01   Loading settings file "/home/vinicius/.config/VirtualBox/VirtualBox.xml" with version "1.12-linux"
00:00:00.300418 DCon01   Successfully initialised host USB using sysfs
00:00:00.300924 DCon01   HostDnsMonitor: initializing
00:00:00.301029 DCon01   NAT: resolv.conf: nameserver 8.8.8.8
00:00:00.301036 DCon01   NAT: resolv.conf: nameserver 181.213.132.2
00:00:00.301039 DCon01   NAT: resolv.conf: nameserver 181.213.132.3
00:00:00.301042 DCon01   NAT: resolv.conf: too many nameserver lines, ignoring 2804:14d:1:0:181:213:132:2
00:00:00.301044 DCon01   NAT: resolv.conf: too many nameserver lines, ignoring 2804:14d:1:0:181:213:132:3
00:00:00.301058 DCon01   HostDnsMonitor: updating information
00:00:00.301068 DCon01   HostDnsMonitor: old information
00:00:00.301070 DCon01     no server entries
00:00:00.301072 DCon01     no domain set
00:00:00.301074 DCon01     no search string entries
00:00:00.301076 DCon01   HostDnsMonitor: new information
00:00:00.301077 DCon01     server 1: 8.8.8.8
00:00:00.301080 DCon01     server 2: 181.213.132.2
00:00:00.301081 DCon01     server 3: 181.213.132.3
00:00:00.301083 DCon01     domain: lan
00:00:00.301085 DCon01     search string 1: lan
00:00:00.302357 DCon01   VD: VDInit finished with VINF_SUCCESS
00:00:00.302427 DCon01   ERROR [COM]: aRC=NS_ERROR_FAILURE (0x80004005) aIID={925084b0-625f-422f-a67d-0ede1880a56c} aComponent={SystemPropertiesWrap} aText={Cannot determine default Guest Additions ISO location. Most likely they are not available}, preserve=false aResultDetail=0
00:00:00.303043 DCon01   Platform architecture set to 'x86'
00:00:00.303431 DCon01   ERROR [COM]: aRC=NS_ERROR_FAILURE (0x80004005) aIID={e36a5081-a82a-40bd-9e4e-42a44d6ce50f} aComponent={MachineWrap} aText={Runtime error opening '/home/vinicius/VirtualBox VMs/arch/arch.vbox' for reading VERR_FILE_NOT_FOUND (File not found.).
00:00:00.303437 DCon01   /build/virtualbox/src/VirtualBox-7.2.6/src/VBox/Main/src-server/MachineImpl.cpp[1000] (nsresult Machine::i_registeredInit())}, preserve=false aResultDetail=0
00:00:00.304123 DCon01   VirtualBox: object created
00:00:01.258193 DCon01   Platform architecture set to 'x86'
00:00:01.258338 DCon01   ERROR [COM]: aRC=NS_ERROR_FAILURE (0x80004005) aIID={e36a5081-a82a-40bd-9e4e-42a44d6ce50f} aComponent={MachineWrap} aText={Runtime error opening '/home/vinicius/VirtualBox VMs/arch/arch.vbox' for reading VERR_FILE_NOT_FOUND (File not found.).
00:00:01.258344 DCon01   /build/virtualbox/src/VirtualBox-7.2.6/src/VBox/Main/src-server/MachineImpl.cpp[1000] (nsresult Machine::i_registeredInit())}, preserve=false aResultDetail=0
00:00:01.258739 DCon01   Platform architecture set to 'x86'
00:00:01.258850 DCon01   ERROR [COM]: aRC=NS_ERROR_FAILURE (0x80004005) aIID={e36a5081-a82a-40bd-9e4e-42a44d6ce50f} aComponent={MachineWrap} aText={Runtime error opening '/home/vinicius/VirtualBox VMs/arch/arch.vbox' for reading VERR_FILE_NOT_FOUND (File not found.).
00:00:01.258854 DCon01   /build/virtualbox/src/VirtualBox-7.2.6/src/VBox/Main/src-server/MachineImpl.cpp[1000] (nsresult Machine::i_registeredInit())}, preserve=false aResultDetail=0
00:00:01.259456 DCon01   Platform architecture set to 'x86'
00:00:01.259543 DCon01   ERROR [COM]: aRC=NS_ERROR_FAILURE (0x80004005) aIID={e36a5081-a82a-40bd-9e4e-42a44d6ce50f} aComponent={MachineWrap} aText={Runtime error opening '/home/vinicius/VirtualBox VMs/arch/arch.vbox' for reading VERR_FILE_NOT_FOUND (File not found.).
00:00:01.259546 DCon01   /build/virtualbox/src/VirtualBox-7.2.6/src/VBox/Main/src-server/MachineImpl.cpp[1000] (nsresult Machine::i_registeredInit())}, preserve=false aResultDetail=0
00:00:01.278412 DCon01   Saving settings file "/home/vinicius/.config/VirtualBox/VirtualBox.xml" with version "1.12-linux"
00:00:01.287161 DCon01   Finished saving settings file "/home/vinicius/.config/VirtualBox/VirtualBox.xml"
00:01:45.698416 USBPROXY USBProxyBackendLinux: Device 0781:5567 (sysfs:/sys/devices/pci0000:00/0000:00:14.0/usb1/1-3//device:/dev/vboxusb/001/004) isn't accessible. giving udev a few seconds to fix this...
00:01:52.748544 DCon01   Saving settings file "/home/vinicius/.config/VirtualBox/VirtualBox.xml" with version "1.12-linux"
00:01:52.752016 DCon01   Finished saving settings file "/home/vinicius/.config/VirtualBox/VirtualBox.xml"
00:01:55.646192 DCon02   Saving settings file "/home/vinicius/.config/VirtualBox/VirtualBox.xml" with version "1.12-linux"
00:01:55.649603 DCon02   Finished saving settings file "/home/vinicius/.config/VirtualBox/VirtualBox.xml"
00:01:56.312757 DCon02   ERROR [COM]: aRC=NS_ERROR_FAILURE (0x80004005) aIID={925084b0-625f-422f-a67d-0ede1880a56c} aComponent={SystemPropertiesWrap} aText={Cannot determine default Guest Additions ISO location. Most likely they are not available}, preserve=false aResultDetail=0
00:01:56.722231 DCon02   Saving settings file "/home/vinicius/.config/VirtualBox/VirtualBox.xml" with version "1.12-linux"
00:01:56.725620 DCon02   Finished saving settings file "/home/vinicius/.config/VirtualBox/VirtualBox.xml"
00:02:03.846025 DCon02   Unattended: RTVfsQueryPathInfo(, '\OS2IMAGE/DISK_0/OS2LDR' (from OS2SE20.SRC),) -> VERR_PATH_NOT_FOUND, fMode=0x0
00:02:58.289148 createBase Saving settings file "/home/vinicius/.config/VirtualBox/VirtualBox.xml" with version "1.12-linux"
00:02:58.293061 createBase Finished saving settings file "/home/vinicius/.config/VirtualBox/VirtualBox.xml"
00:02:58.295774 DCon01   Platform architecture set to 'x86'
00:02:58.295845 DCon01   Platform architecture set to 'x86'
00:02:58.295854 DCon01   Platform architecture set to 'x86'
00:02:58.296025 DCon01   Platform architecture set to 'x86'
00:02:58.296565 DCon01   Saving settings file "/home/vinicius/VirtualBox VMs/arch mini/arch mini.vbox" with version "1.19-linux"
00:02:58.303891 DCon01   Finished saving settings file "/home/vinicius/VirtualBox VMs/arch mini/arch mini.vbox"
00:02:58.303982 DCon01   Saving settings file "/home/vinicius/.config/VirtualBox/VirtualBox.xml" with version "1.12-linux"
00:02:58.307791 DCon01   Finished saving settings file "/home/vinicius/.config/VirtualBox/VirtualBox.xml"
00:02:58.308294 DCon06   Platform architecture set to 'x86'
00:02:58.309249 DCon07   ERROR [COM]: aRC=E_ACCESSDENIED (0x80070005) aIID={e36a5081-a82a-40bd-9e4e-42a44d6ce50f} aComponent={MachineWrap} aText={The object functionality is limited}, preserve=false aResultDetail=0
00:02:58.309266 DCon07   ERROR [COM]: aRC=E_ACCESSDENIED (0x80070005) aIID={e36a5081-a82a-40bd-9e4e-42a44d6ce50f} aComponent={MachineWrap} aText={The object functionality is limited}, preserve=false aResultDetail=0
00:02:58.309285 DCon07   Saving settings file "/home/vinicius/.config/VirtualBox/VirtualBox.xml" with version "1.12-linux"
00:02:58.312705 DCon07   Finished saving settings file "/home/vinicius/.config/VirtualBox/VirtualBox.xml"
00:02:58.312921 DCon01   Saving settings file "/home/vinicius/VirtualBox VMs/arch mini/arch mini.vbox" with version "1.19-linux"
00:02:58.316881 DCon01   Finished saving settings file "/home/vinicius/VirtualBox VMs/arch mini/arch mini.vbox"
00:02:59.021097 DCon01   ERROR [COM]: aRC=E_ACCESSDENIED (0x80070005) aIID={e36a5081-a82a-40bd-9e4e-42a44d6ce50f} aComponent={MachineWrap} aText={The object functionality is limited}, preserve=false aResultDetail=0
00:02:59.021122 DCon01   ERROR [COM]: aRC=E_ACCESSDENIED (0x80070005) aIID={e36a5081-a82a-40bd-9e4e-42a44d6ce50f} aComponent={MachineWrap} aText={The object functionality is limited}, preserve=false aResultDetail=0
00:02:59.021156 DCon01   Saving settings file "/home/vinicius/.config/VirtualBox/VirtualBox.xml" with version "1.12-linux"
00:02:59.025207 DCon01   Finished saving settings file "/home/vinicius/.config/VirtualBox/VirtualBox.xml"
00:02:59.025460 DCon01   Saving settings file "/home/vinicius/VirtualBox VMs/arch mini/arch mini.vbox" with version "1.19-linux"
00:02:59.029209 DCon01   Finished saving settings file "/home/vinicius/VirtualBox VMs/arch mini/arch mini.vbox"
00:02:59.029519 DCon01   Saving settings file "/home/vinicius/VirtualBox VMs/arch mini/arch mini.vbox" with version "1.19-linux"
00:02:59.033363 DCon01   Finished saving settings file "/home/vinicius/VirtualBox VMs/arch mini/arch mini.vbox"
00:02:59.042901 DCon07   Saving settings file "/home/vinicius/.config/VirtualBox/VirtualBox.xml" with version "1.12-linux"
00:02:59.046769 DCon07   Finished saving settings file "/home/vinicius/.config/VirtualBox/VirtualBox.xml"
00:02:59.062147 DCon09   ERROR [COM]: aRC=VBOX_E_OBJECT_NOT_FOUND (0x80bb0001) aIID={5bfd8965-b81b-469f-8649-f717ce97a5d5} aComponent={NvramStoreWrap} aText={The UEFI NVRAM file is not existing for this machine}, preserve=false aResultDetail=0
00:02:59.531674 DCon09   Saving settings file "/home/vinicius/.config/VirtualBox/VirtualBox.xml" with version "1.12-linux"
00:02:59.535712 DCon09   Finished saving settings file "/home/vinicius/.config/VirtualBox/VirtualBox.xml"
00:03:02.835238 DCon06   Launched VM: 2281733696 pid: 7002 (0x1b5a) frontend: GUI/Qt name: arch mini
00:03:02.874117 DCon07   ERROR [COM]: aRC=VBOX_E_OBJECT_NOT_FOUND (0x80bb0001) aIID={5bfd8965-b81b-469f-8649-f717ce97a5d5} aComponent={NvramStoreWrap} aText={The UEFI NVRAM file is not existing for this machine}, preserve=false aResultDetail=0
00:03:03.041723 DCon10   Platform architecture set to 'x86'
00:03:03.095423 DCon11   ERROR [COM]: aRC=VBOX_E_OBJECT_NOT_FOUND (0x80bb0001) aIID={5bfd8965-b81b-469f-8649-f717ce97a5d5} aComponent={NvramStoreWrap} aText={The UEFI NVRAM file is not existing for this machine}, preserve=false aResultDetail=0
00:03:03.553805 DCon09   ERROR [COM]: aRC=NS_ERROR_FAILURE (0x80004005) aIID={83cfdc66-4f20-4569-ad39-8722f7d472b3} aComponent={RecordingSettingsWrap} aText={Recording not started}, preserve=false aResultDetail=0
00:03:03.644389 DCon01   ERROR [COM]: aRC=NS_ERROR_FAILURE (0x80004005) aIID={83cfdc66-4f20-4569-ad39-8722f7d472b3} aComponent={RecordingSettingsWrap} aText={Recording not started}, preserve=false aResultDetail=0
00:03:03.655872 DCon01   ERROR [COM]: aRC=VBOX_E_OBJECT_NOT_FOUND (0x80bb0001) aIID={5bfd8965-b81b-469f-8649-f717ce97a5d5} aComponent={NvramStoreWrap} aText={The UEFI NVRAM file is not existing for this machine}, preserve=false aResultDetail=0
00:03:03.815680 DCon01   ERROR [COM]: aRC=VBOX_E_OBJECT_NOT_FOUND (0x80bb0001) aIID={7d510820-a678-4730-a862-818dcd3fbed0} aComponent={MediumWrap} aText={Property 'CRYPT/KeyId' does not exist}, preserve=false aResultDetail=0
00:03:03.816321 DCon01   ERROR [COM]: aRC=VBOX_E_OBJECT_NOT_FOUND (0x80bb0001) aIID={7d510820-a678-4730-a862-818dcd3fbed0} aComponent={MediumWrap} aText={Property 'CRYPT/KeyId' does not exist}, preserve=false aResultDetail=0
00:03:03.817040 DCon01   HostDnsMonitorProxy::GetDomainName: lan
00:03:03.817099 DCon01   HostDnsMonitorProxy::GetNameServers:
00:03:03.817104 DCon01     name server 1: 8.8.8.8
00:03:03.817106 DCon01     name server 2: 181.213.132.2
00:03:03.817108 DCon01     name server 3: 181.213.132.3
00:03:03.817166 DCon01   HostDnsMonitorProxy::GetSearchStrings:
00:03:03.817171 DCon01     search string 1: lan
00:03:03.828884 DCon09   ERROR [COM]: aRC=NS_ERROR_FAILURE (0x80004005) aIID={83cfdc66-4f20-4569-ad39-8722f7d472b3} aComponent={RecordingSettingsWrap} aText={Recording not started}, preserve=false aResultDetail=0
00:03:03.851572 DCon11   ERROR [COM]: aRC=VBOX_E_OBJECT_NOT_FOUND (0x80bb0001) aIID={5bfd8965-b81b-469f-8649-f717ce97a5d5} aComponent={NvramStoreWrap} aText={The UEFI NVRAM file is not existing for this machine}, preserve=false aResultDetail=0
00:03:03.921204 DCon11   Saving settings file "/home/vinicius/.config/VirtualBox/VirtualBox.xml" with version "1.12-linux"
00:03:03.925204 DCon11   Finished saving settings file "/home/vinicius/.config/VirtualBox/VirtualBox.xml"
00:03:04.135122 DCon11   Saving settings file "/home/vinicius/VirtualBox VMs/arch mini/arch mini.vbox" with version "1.19-linux"
00:03:04.139413 DCon11   Finished saving settings file "/home/vinicius/VirtualBox VMs/arch mini/arch mini.vbox"
00:03:04.144765 DCon09   ERROR [COM]: aRC=VBOX_E_OBJECT_NOT_FOUND (0x80bb0001) aIID={5bfd8965-b81b-469f-8649-f717ce97a5d5} aComponent={NvramStoreWrap} aText={The UEFI NVRAM file is not existing for this machine}, preserve=false aResultDetail=0
00:03:06.753870 DCon07   Saving settings file "/home/vinicius/VirtualBox VMs/arch mini/arch mini.vbox" with version "1.19-linux"
00:03:06.757529 DCon07   Finished saving settings file "/home/vinicius/VirtualBox VMs/arch mini/arch mini.vbox"
00:03:06.762773 DCon09   ERROR [COM]: aRC=VBOX_E_OBJECT_NOT_FOUND (0x80bb0001) aIID={5bfd8965-b81b-469f-8649-f717ce97a5d5} aComponent={NvramStoreWrap} aText={The UEFI NVRAM file is not existing for this machine}, preserve=false aResultDetail=0
00:03:07.256233 DCon09   Saving settings file "/home/vinicius/VirtualBox VMs/arch mini/arch mini.vbox" with version "1.19-linux"
00:03:07.260396 DCon09   Finished saving settings file "/home/vinicius/VirtualBox VMs/arch mini/arch mini.vbox"
00:03:07.265490 DCon13   ERROR [COM]: aRC=VBOX_E_OBJECT_NOT_FOUND (0x80bb0001) aIID={5bfd8965-b81b-469f-8649-f717ce97a5d5} aComponent={NvramStoreWrap} aText={The UEFI NVRAM file is not existing for this machine}, preserve=false aResultDetail=0
00:03:25.281245 DCon06   Saving settings file "/home/vinicius/.config/VirtualBox/VirtualBox.xml" with version "1.12-linux"
00:03:25.284476 DCon06   Finished saving settings file "/home/vinicius/.config/VirtualBox/VirtualBox.xml"
00:03:25.314601 DCon01   Saving settings file "/home/vinicius/VirtualBox VMs/arch mini/arch mini.vbox" with version "1.19-linux"
00:03:25.317952 DCon01   Finished saving settings file "/home/vinicius/VirtualBox VMs/arch mini/arch mini.vbox"
00:03:25.324054 DCon16   ERROR [COM]: aRC=VBOX_E_OBJECT_NOT_FOUND (0x80bb0001) aIID={5bfd8965-b81b-469f-8649-f717ce97a5d5} aComponent={NvramStoreWrap} aText={The UEFI NVRAM file is not existing for this machine}, preserve=false aResultDetail=0
00:03:31.749973 DCon12   Saving settings file "/home/vinicius/VirtualBox VMs/arch mini/arch mini.vbox" with version "1.19-linux"
00:03:31.753198 DCon12   Finished saving settings file "/home/vinicius/VirtualBox VMs/arch mini/arch mini.vbox"
00:03:31.758614 DCon11   ERROR [COM]: aRC=VBOX_E_OBJECT_NOT_FOUND (0x80bb0001) aIID={5bfd8965-b81b-469f-8649-f717ce97a5d5} aComponent={NvramStoreWrap} aText={The UEFI NVRAM file is not existing for this machine}, preserve=false aResultDetail=0
00:03:32.249741 DCon19   Saving settings file "/home/vinicius/VirtualBox VMs/arch mini/arch mini.vbox" with version "1.19-linux"
00:03:32.253142 DCon19   Finished saving settings file "/home/vinicius/VirtualBox VMs/arch mini/arch mini.vbox"
00:03:32.258061 DCon16   ERROR [COM]: aRC=VBOX_E_OBJECT_NOT_FOUND (0x80bb0001) aIID={5bfd8965-b81b-469f-8649-f717ce97a5d5} aComponent={NvramStoreWrap} aText={The UEFI NVRAM file is not existing for this machine}, preserve=false aResultDetail=0
00:03:33.754368 DCon11   Saving settings file "/home/vinicius/VirtualBox VMs/arch mini/arch mini.vbox" with version "1.19-linux"
00:03:33.781871 DCon11   Finished saving settings file "/home/vinicius/VirtualBox VMs/arch mini/arch mini.vbox"
00:03:33.789238 DCon15   ERROR [COM]: aRC=VBOX_E_OBJECT_NOT_FOUND (0x80bb0001) aIID={5bfd8965-b81b-469f-8649-f717ce97a5d5} aComponent={NvramStoreWrap} aText={The UEFI NVRAM file is not existing for this machine}, preserve=false aResultDetail=0
00:03:34.249461 DCon15   Saving settings file "/home/vinicius/VirtualBox VMs/arch mini/arch mini.vbox" with version "1.19-linux"
00:03:34.398063 DCon15   Finished saving settings file "/home/vinicius/VirtualBox VMs/arch mini/arch mini.vbox"
00:03:34.402867 DCon17   ERROR [COM]: aRC=VBOX_E_OBJECT_NOT_FOUND (0x80bb0001) aIID={5bfd8965-b81b-469f-8649-f717ce97a5d5} aComponent={NvramStoreWrap} aText={The UEFI NVRAM file is not existing for this machine}, preserve=false aResultDetail=0
00:56:18.886371 DCon182  Saving settings file "/home/vinicius/.config/VirtualBox/VirtualBox.xml" with version "1.12-linux"
00:56:18.890475 DCon182  Finished saving settings file "/home/vinicius/.config/VirtualBox/VirtualBox.xml"
01:00:51.629843 DCon195  Saving settings file "/home/vinicius/VirtualBox VMs/arch mini/arch mini.vbox" with version "1.19-linux"
01:00:51.634178 DCon195  Finished saving settings file "/home/vinicius/VirtualBox VMs/arch mini/arch mini.vbox"
01:00:51.640706 DCon204  ERROR [COM]: aRC=VBOX_E_OBJECT_NOT_FOUND (0x80bb0001) aIID={5bfd8965-b81b-469f-8649-f717ce97a5d5} aComponent={NvramStoreWrap} aText={The UEFI NVRAM file is not existing for this machine}, preserve=false aResultDetail=0
01:00:52.186947 DCon204  Saving settings file "/home/vinicius/VirtualBox VMs/arch mini/arch mini.vbox" with version "1.19-linux"
01:00:52.191121 DCon204  Finished saving settings file "/home/vinicius/VirtualBox VMs/arch mini/arch mini.vbox"
01:00:52.196565 DCon200  ERROR [COM]: aRC=VBOX_E_OBJECT_NOT_FOUND (0x80bb0001) aIID={5bfd8965-b81b-469f-8649-f717ce97a5d5} aComponent={NvramStoreWrap} aText={The UEFI NVRAM file is not existing for this machine}, preserve=false aResultDetail=0
01:00:52.750092 DCon200  Saving settings file "/home/vinicius/VirtualBox VMs/arch mini/arch mini.vbox" with version "1.19-linux"
01:00:52.754308 DCon200  Finished saving settings file "/home/vinicius/VirtualBox VMs/arch mini/arch mini.vbox"
01:00:52.760096 DCon197  ERROR [COM]: aRC=VBOX_E_OBJECT_NOT_FOUND (0x80bb0001) aIID={5bfd8965-b81b-469f-8649-f717ce97a5d5} aComponent={NvramStoreWrap} aText={The UEFI NVRAM file is not existing for this machine}, preserve=false aResultDetail=0
01:00:54.534345 DCon193  Saving settings file "/home/vinicius/VirtualBox VMs/arch mini/arch mini.vbox" with version "1.19-linux"
01:00:54.537858 DCon193  Finished saving settings file "/home/vinicius/VirtualBox VMs/arch mini/arch mini.vbox"
01:00:54.542773 DCon197  ERROR [COM]: aRC=VBOX_E_OBJECT_NOT_FOUND (0x80bb0001) aIID={5bfd8965-b81b-469f-8649-f717ce97a5d5} aComponent={NvramStoreWrap} aText={The UEFI NVRAM file is not existing for this machine}, preserve=false aResultDetail=0
01:00:55.041818 DCon202  Saving settings file "/home/vinicius/VirtualBox VMs/arch mini/arch mini.vbox" with version "1.19-linux"
01:00:55.045819 DCon202  Finished saving settings file "/home/vinicius/VirtualBox VMs/arch mini/arch mini.vbox"
01:00:55.050725 DCon205  ERROR [COM]: aRC=VBOX_E_OBJECT_NOT_FOUND (0x80bb0001) aIID={5bfd8965-b81b-469f-8649-f717ce97a5d5} aComponent={NvramStoreWrap} aText={The UEFI NVRAM file is not existing for this machine}, preserve=false aResultDetail=0
01:00:58.766563 DCon201  Saving settings file "/home/vinicius/VirtualBox VMs/arch mini/arch mini.vbox" with version "1.19-linux"
01:00:58.773795 DCon201  Finished saving settings file "/home/vinicius/VirtualBox VMs/arch mini/arch mini.vbox"
01:00:58.785794 DCon203  ERROR [COM]: aRC=VBOX_E_OBJECT_NOT_FOUND (0x80bb0001) aIID={5bfd8965-b81b-469f-8649-f717ce97a5d5} aComponent={NvramStoreWrap} aText={The UEFI NVRAM file is not existing for this machine}, preserve=false aResultDetail=0
01:00:59.336763 DCon203  Saving settings file "/home/vinicius/VirtualBox VMs/arch mini/arch mini.vbox" with version "1.19-linux"
01:00:59.340521 DCon203  Finished saving settings file "/home/vinicius/VirtualBox VMs/arch mini/arch mini.vbox"
01:00:59.346742 DCon195  ERROR [COM]: aRC=VBOX_E_OBJECT_NOT_FOUND (0x80bb0001) aIID={5bfd8965-b81b-469f-8649-f717ce97a5d5} aComponent={NvramStoreWrap} aText={The UEFI NVRAM file is not existing for this machine}, preserve=false aResultDetail=0
01:12:47.039417 DCon232  Saving settings file "/home/vinicius/VirtualBox VMs/arch mini/arch mini.vbox" with version "1.19-linux"
01:12:47.630150 DCon232  Finished saving settings file "/home/vinicius/VirtualBox VMs/arch mini/arch mini.vbox"
01:12:47.659038 DCon238  ERROR [COM]: aRC=VBOX_E_OBJECT_NOT_FOUND (0x80bb0001) aIID={5bfd8965-b81b-469f-8649-f717ce97a5d5} aComponent={NvramStoreWrap} aText={The UEFI NVRAM file is not existing for this machine}, preserve=false aResultDetail=0
01:12:47.948807 DCon238  Saving settings file "/home/vinicius/VirtualBox VMs/arch mini/arch mini.vbox" with version "1.19-linux"
01:12:48.548766 DCon238  Finished saving settings file "/home/vinicius/VirtualBox VMs/arch mini/arch mini.vbox"
01:12:48.557698 DCon243  ERROR [COM]: aRC=VBOX_E_OBJECT_NOT_FOUND (0x80bb0001) aIID={5bfd8965-b81b-469f-8649-f717ce97a5d5} aComponent={NvramStoreWrap} aText={The UEFI NVRAM file is not existing for this machine}, preserve=false aResultDetail=0
01:12:48.953443 DCon243  Saving settings file "/home/vinicius/VirtualBox VMs/arch mini/arch mini.vbox" with version "1.19-linux"
01:12:49.563231 DCon243  Finished saving settings file "/home/vinicius/VirtualBox VMs/arch mini/arch mini.vbox"
01:12:49.574448 DCon234  ERROR [COM]: aRC=VBOX_E_OBJECT_NOT_FOUND (0x80bb0001) aIID={5bfd8965-b81b-469f-8649-f717ce97a5d5} aComponent={NvramStoreWrap} aText={The UEFI NVRAM file is not existing for this machine}, preserve=false aResultDetail=0
01:12:49.863594 DCon234  Saving settings file "/home/vinicius/VirtualBox VMs/arch mini/arch mini.vbox" with version "1.19-linux"
01:12:49.868534 DCon234  Finished saving settings file "/home/vinicius/VirtualBox VMs/arch mini/arch mini.vbox"
01:12:49.874541 DCon232  ERROR [COM]: aRC=VBOX_E_OBJECT_NOT_FOUND (0x80bb0001) aIID={5bfd8965-b81b-469f-8649-f717ce97a5d5} aComponent={NvramStoreWrap} aText={The UEFI NVRAM file is not existing for this machine}, preserve=false aResultDetail=0
01:12:50.249834 DCon232  Saving settings file "/home/vinicius/VirtualBox VMs/arch mini/arch mini.vbox" with version "1.19-linux"
01:12:50.773495 DCon232  Finished saving settings file "/home/vinicius/VirtualBox VMs/arch mini/arch mini.vbox"
01:12:50.779230 DCon242  ERROR [COM]: aRC=VBOX_E_OBJECT_NOT_FOUND (0x80bb0001) aIID={5bfd8965-b81b-469f-8649-f717ce97a5d5} aComponent={NvramStoreWrap} aText={The UEFI NVRAM file is not existing for this machine}, preserve=false aResultDetail=0
01:12:51.067823 DCon242  Saving settings file "/home/vinicius/VirtualBox VMs/arch mini/arch mini.vbox" with version "1.19-linux"
01:12:51.682036 DCon242  Finished saving settings file "/home/vinicius/VirtualBox VMs/arch mini/arch mini.vbox"
01:12:51.687189 DCon225  ERROR [COM]: aRC=VBOX_E_OBJECT_NOT_FOUND (0x80bb0001) aIID={5bfd8965-b81b-469f-8649-f717ce97a5d5} aComponent={NvramStoreWrap} aText={The UEFI NVRAM file is not existing for this machine}, preserve=false aResultDetail=0
01:12:56.353474 DCon244  Saving settings file "/home/vinicius/VirtualBox VMs/arch mini/arch mini.vbox" with version "1.19-linux"
01:12:56.631316 DCon244  Finished saving settings file "/home/vinicius/VirtualBox VMs/arch mini/arch mini.vbox"
01:12:56.648885 DCon244  ERROR [COM]: aRC=VBOX_E_OBJECT_NOT_FOUND (0x80bb0001) aIID={5bfd8965-b81b-469f-8649-f717ce97a5d5} aComponent={NvramStoreWrap} aText={The UEFI NVRAM file is not existing for this machine}, preserve=false aResultDetail=0
01:12:56.954145 DCon210  Saving settings file "/home/vinicius/VirtualBox VMs/arch mini/arch mini.vbox" with version "1.19-linux"
01:12:57.644378 DCon210  Finished saving settings file "/home/vinicius/VirtualBox VMs/arch mini/arch mini.vbox"
01:12:57.655434 DCon234  ERROR [COM]: aRC=VBOX_E_OBJECT_NOT_FOUND (0x80bb0001) aIID={5bfd8965-b81b-469f-8649-f717ce97a5d5} aComponent={NvramStoreWrap} aText={The UEFI NVRAM file is not existing for this machine}, preserve=false aResultDetail=0
01:14:46.390380 DCon225  ERROR [COM]: aRC=NS_ERROR_FAILURE (0x80004005) aIID={83cfdc66-4f20-4569-ad39-8722f7d472b3} aComponent={RecordingSettingsWrap} aText={Recording not started}, preserve=false aResultDetail=0
01:14:46.414163 DCon225  ERROR [COM]: aRC=VBOX_E_OBJECT_NOT_FOUND (0x80bb0001) aIID={5bfd8965-b81b-469f-8649-f717ce97a5d5} aComponent={NvramStoreWrap} aText={The UEFI NVRAM file is not existing for this machine}, preserve=false aResultDetail=0
01:14:46.457910 DCon225  Saving settings file "/home/vinicius/VirtualBox VMs/arch mini/arch mini.vbox" with version "1.19-linux"
01:14:46.988531 DCon225  Finished saving settings file "/home/vinicius/VirtualBox VMs/arch mini/arch mini.vbox"
01:14:47.004718 DCon241  ERROR [COM]: aRC=NS_ERROR_FAILURE (0x80004005) aIID={83cfdc66-4f20-4569-ad39-8722f7d472b3} aComponent={RecordingSettingsWrap} aText={Recording not started}, preserve=false aResultDetail=0
01:14:47.023965 DCon241  ERROR [COM]: aRC=VBOX_E_OBJECT_NOT_FOUND (0x80bb0001) aIID={5bfd8965-b81b-469f-8649-f717ce97a5d5} aComponent={NvramStoreWrap} aText={The UEFI NVRAM file is not existing for this machine}, preserve=false aResultDetail=0
01:14:48.464971 DCon234  ERROR [COM]: aRC=E_ACCESSDENIED (0x80070005) aIID={e36a5081-a82a-40bd-9e4e-42a44d6ce50f} aComponent={MachineWrap} aText={The object functionality is limited}, preserve=false aResultDetail=0
01:14:48.498844 DCon244  ERROR [COM]: aRC=VBOX_E_OBJECT_NOT_FOUND (0x80bb0001) aIID={5bfd8965-b81b-469f-8649-f717ce97a5d5} aComponent={NvramStoreWrap} aText={The UEFI NVRAM file is not existing for this machine}, preserve=false aResultDetail=0
01:17:51.293888 DCon248  ERROR [COM]: aRC=NS_ERROR_FAILURE (0x80004005) aIID={925084b0-625f-422f-a67d-0ede1880a56c} aComponent={SystemPropertiesWrap} aText={Cannot determine default Guest Additions ISO location. Most likely they are not available}, preserve=false aResultDetail=0
01:17:51.712196 DCon248  Saving settings file "/home/vinicius/.config/VirtualBox/VirtualBox.xml" with version "1.12-linux"
01:17:51.715622 DCon248  Finished saving settings file "/home/vinicius/.config/VirtualBox/VirtualBox.xml"
01:18:06.720463 DCon249  Unattended: RTVfsQueryPathInfo(, '\OS2IMAGE/DISK_0/OS2LDR' (from OS2SE20.SRC),) -> VERR_PATH_NOT_FOUND, fMode=0x0
01:18:20.889664 createBase Saving settings file "/home/vinicius/.config/VirtualBox/VirtualBox.xml" with version "1.12-linux"
01:18:20.894203 createBase Finished saving settings file "/home/vinicius/.config/VirtualBox/VirtualBox.xml"
01:18:20.897294 DCon252  Platform architecture set to 'x86'
01:18:20.897365 DCon252  Platform architecture set to 'x86'
01:18:20.897374 DCon252  Platform architecture set to 'x86'
01:18:20.897563 DCon252  Platform architecture set to 'x86'
01:18:20.898182 DCon252  Saving settings file "/home/vinicius/VirtualBox VMs/arch-mini/arch-mini.vbox" with version "1.19-linux"
01:18:20.901611 DCon252  Finished saving settings file "/home/vinicius/VirtualBox VMs/arch-mini/arch-mini.vbox"
01:18:20.901704 DCon252  Saving settings file "/home/vinicius/.config/VirtualBox/VirtualBox.xml" with version "1.12-linux"
01:18:20.906675 DCon252  Finished saving settings file "/home/vinicius/.config/VirtualBox/VirtualBox.xml"
01:18:20.907149 DCon248  Platform architecture set to 'x86'
01:18:20.908127 DCon248  ERROR [COM]: aRC=E_ACCESSDENIED (0x80070005) aIID={e36a5081-a82a-40bd-9e4e-42a44d6ce50f} aComponent={MachineWrap} aText={The object functionality is limited}, preserve=false aResultDetail=0
01:18:20.908143 DCon248  ERROR [COM]: aRC=E_ACCESSDENIED (0x80070005) aIID={e36a5081-a82a-40bd-9e4e-42a44d6ce50f} aComponent={MachineWrap} aText={The object functionality is limited}, preserve=false aResultDetail=0
01:18:20.908163 DCon248  Saving settings file "/home/vinicius/.config/VirtualBox/VirtualBox.xml" with version "1.12-linux"
01:18:20.912904 DCon248  Finished saving settings file "/home/vinicius/.config/VirtualBox/VirtualBox.xml"
01:18:20.913090 DCon252  Saving settings file "/home/vinicius/VirtualBox VMs/arch-mini/arch-mini.vbox" with version "1.19-linux"
01:18:20.917481 DCon252  Finished saving settings file "/home/vinicius/VirtualBox VMs/arch-mini/arch-mini.vbox"
01:18:20.918153 DCon248  ERROR [COM]: aRC=E_ACCESSDENIED (0x80070005) aIID={e36a5081-a82a-40bd-9e4e-42a44d6ce50f} aComponent={MachineWrap} aText={The object functionality is limited}, preserve=false aResultDetail=0
01:18:20.918172 DCon248  ERROR [COM]: aRC=E_ACCESSDENIED (0x80070005) aIID={e36a5081-a82a-40bd-9e4e-42a44d6ce50f} aComponent={MachineWrap} aText={The object functionality is limited}, preserve=false aResultDetail=0
01:18:20.918331 DCon248  Saving settings file "/home/vinicius/VirtualBox VMs/arch-mini/arch-mini.vbox" with version "1.19-linux"
01:18:20.922853 DCon248  Finished saving settings file "/home/vinicius/VirtualBox VMs/arch-mini/arch-mini.vbox"
01:18:20.923104 DCon248  Saving settings file "/home/vinicius/VirtualBox VMs/arch-mini/arch-mini.vbox" with version "1.19-linux"
01:18:20.927192 DCon248  Finished saving settings file "/home/vinicius/VirtualBox VMs/arch-mini/arch-mini.vbox"
01:18:20.937232 DCon248  Saving settings file "/home/vinicius/.config/VirtualBox/VirtualBox.xml" with version "1.12-linux"
01:18:20.941666 DCon248  Finished saving settings file "/home/vinicius/.config/VirtualBox/VirtualBox.xml"
01:18:20.959903 DCon251  ERROR [COM]: aRC=VBOX_E_OBJECT_NOT_FOUND (0x80bb0001) aIID={5bfd8965-b81b-469f-8649-f717ce97a5d5} aComponent={NvramStoreWrap} aText={The UEFI NVRAM file is not existing for this machine}, preserve=false aResultDetail=0
01:18:21.451936 DCon248  Saving settings file "/home/vinicius/.config/VirtualBox/VirtualBox.xml" with version "1.12-linux"
01:18:21.458223 DCon248  Finished saving settings file "/home/vinicius/.config/VirtualBox/VirtualBox.xml"
01:18:24.572959 DCon251  Launched VM: 3103892320 pid: 28979 (0x7133) frontend: GUI/Qt name: arch-mini
01:18:24.607348 DCon249  ERROR [COM]: aRC=VBOX_E_OBJECT_NOT_FOUND (0x80bb0001) aIID={5bfd8965-b81b-469f-8649-f717ce97a5d5} aComponent={NvramStoreWrap} aText={The UEFI NVRAM file is not existing for this machine}, preserve=false aResultDetail=0
01:18:24.775876 DCon254  Platform architecture set to 'x86'
01:18:24.784601 DCon256  ERROR [COM]: aRC=VBOX_E_OBJECT_NOT_FOUND (0x80bb0001) aIID={5bfd8965-b81b-469f-8649-f717ce97a5d5} aComponent={NvramStoreWrap} aText={The UEFI NVRAM file is not existing for this machine}, preserve=false aResultDetail=0
01:18:25.279089 DCon256  ERROR [COM]: aRC=NS_ERROR_FAILURE (0x80004005) aIID={83cfdc66-4f20-4569-ad39-8722f7d472b3} aComponent={RecordingSettingsWrap} aText={Recording not started}, preserve=false aResultDetail=0
01:18:25.364059 DCon252  ERROR [COM]: aRC=NS_ERROR_FAILURE (0x80004005) aIID={83cfdc66-4f20-4569-ad39-8722f7d472b3} aComponent={RecordingSettingsWrap} aText={Recording not started}, preserve=false aResultDetail=0
01:18:25.389469 DCon252  ERROR [COM]: aRC=VBOX_E_OBJECT_NOT_FOUND (0x80bb0001) aIID={5bfd8965-b81b-469f-8649-f717ce97a5d5} aComponent={NvramStoreWrap} aText={The UEFI NVRAM file is not existing for this machine}, preserve=false aResultDetail=0
01:18:25.463867 DCon252  ERROR [COM]: aRC=VBOX_E_OBJECT_NOT_FOUND (0x80bb0001) aIID={7d510820-a678-4730-a862-818dcd3fbed0} aComponent={MediumWrap} aText={Property 'CRYPT/KeyId' does not exist}, preserve=false aResultDetail=0
01:18:25.464587 DCon252  ERROR [COM]: aRC=VBOX_E_OBJECT_NOT_FOUND (0x80bb0001) aIID={7d510820-a678-4730-a862-818dcd3fbed0} aComponent={MediumWrap} aText={Property 'CRYPT/KeyId' does not exist}, preserve=false aResultDetail=0
01:18:25.465459 DCon252  HostDnsMonitorProxy::GetDomainName: lan
01:18:25.465528 DCon252  HostDnsMonitorProxy::GetNameServers:
01:18:25.465532 DCon252    name server 1: 8.8.8.8
01:18:25.465534 DCon252    name server 2: 181.213.132.2
01:18:25.465536 DCon252    name server 3: 181.213.132.3
01:18:25.465601 DCon252  HostDnsMonitorProxy::GetSearchStrings:
01:18:25.465608 DCon252    search string 1: lan
01:18:25.476445 DCon252  ERROR [COM]: aRC=NS_ERROR_FAILURE (0x80004005) aIID={83cfdc66-4f20-4569-ad39-8722f7d472b3} aComponent={RecordingSettingsWrap} aText={Recording not started}, preserve=false aResultDetail=0
01:18:25.497684 DCon252  ERROR [COM]: aRC=VBOX_E_OBJECT_NOT_FOUND (0x80bb0001) aIID={5bfd8965-b81b-469f-8649-f717ce97a5d5} aComponent={NvramStoreWrap} aText={The UEFI NVRAM file is not existing for this machine}, preserve=false aResultDetail=0
01:18:25.647427 DCon252  Saving settings file "/home/vinicius/.config/VirtualBox/VirtualBox.xml" with version "1.12-linux"
01:18:25.651051 DCon252  Finished saving settings file "/home/vinicius/.config/VirtualBox/VirtualBox.xml"
01:18:25.848818 DCon249  Saving settings file "/home/vinicius/VirtualBox VMs/arch-mini/arch-mini.vbox" with version "1.19-linux"
01:18:25.852602 DCon249  Finished saving settings file "/home/vinicius/VirtualBox VMs/arch-mini/arch-mini.vbox"
01:18:25.857833 DCon249  ERROR [COM]: aRC=VBOX_E_OBJECT_NOT_FOUND (0x80bb0001) aIID={5bfd8965-b81b-469f-8649-f717ce97a5d5} aComponent={NvramStoreWrap} aText={The UEFI NVRAM file is not existing for this machine}, preserve=false aResultDetail=0
01:18:26.881725 DCon257  Saving settings file "/home/vinicius/VirtualBox VMs/arch-mini/arch-mini.vbox" with version "1.19-linux"
01:18:26.885514 DCon257  Finished saving settings file "/home/vinicius/VirtualBox VMs/arch-mini/arch-mini.vbox"
01:18:26.890698 DCon254  ERROR [COM]: aRC=VBOX_E_OBJECT_NOT_FOUND (0x80bb0001) aIID={5bfd8965-b81b-469f-8649-f717ce97a5d5} aComponent={NvramStoreWrap} aText={The UEFI NVRAM file is not existing for this machine}, preserve=false aResultDetail=0
01:18:26.923745 DCon254  Saving settings file "/home/vinicius/.config/VirtualBox/VirtualBox.xml" with version "1.12-linux"
01:18:26.927622 DCon254  Finished saving settings file "/home/vinicius/.config/VirtualBox/VirtualBox.xml"
01:18:28.360898 DCon253  Saving settings file "/home/vinicius/VirtualBox VMs/arch-mini/arch-mini.vbox" with version "1.19-linux"
01:18:28.364458 DCon253  Finished saving settings file "/home/vinicius/VirtualBox VMs/arch-mini/arch-mini.vbox"
01:18:28.369637 DCon255  ERROR [COM]: aRC=VBOX_E_OBJECT_NOT_FOUND (0x80bb0001) aIID={5bfd8965-b81b-469f-8649-f717ce97a5d5} aComponent={NvramStoreWrap} aText={The UEFI NVRAM file is not existing for this machine}, preserve=false aResultDetail=0
01:18:28.875815 DCon254  Saving settings file "/home/vinicius/VirtualBox VMs/arch-mini/arch-mini.vbox" with version "1.19-linux"
01:18:28.881702 DCon254  Finished saving settings file "/home/vinicius/VirtualBox VMs/arch-mini/arch-mini.vbox"
01:18:28.886960 DCon254  ERROR [COM]: aRC=VBOX_E_OBJECT_NOT_FOUND (0x80bb0001) aIID={5bfd8965-b81b-469f-8649-f717ce97a5d5} aComponent={NvramStoreWrap} aText={The UEFI NVRAM file is not existing for this machine}, preserve=false aResultDetail=0
01:18:30.176651 DCon248  Saving settings file "/home/vinicius/VirtualBox VMs/arch-mini/arch-mini.vbox" with version "1.19-linux"
01:18:30.180270 DCon248  Finished saving settings file "/home/vinicius/VirtualBox VMs/arch-mini/arch-mini.vbox"
01:18:30.185601 DCon254  ERROR [COM]: aRC=VBOX_E_OBJECT_NOT_FOUND (0x80bb0001) aIID={5bfd8965-b81b-469f-8649-f717ce97a5d5} aComponent={NvramStoreWrap} aText={The UEFI NVRAM file is not existing for this machine}, preserve=false aResultDetail=0
01:18:30.681914 DCon252  Saving settings file "/home/vinicius/VirtualBox VMs/arch-mini/arch-mini.vbox" with version "1.19-linux"
01:18:30.685714 DCon252  Finished saving settings file "/home/vinicius/VirtualBox VMs/arch-mini/arch-mini.vbox"
01:18:30.690723 DCon260  ERROR [COM]: aRC=VBOX_E_OBJECT_NOT_FOUND (0x80bb0001) aIID={5bfd8965-b81b-469f-8649-f717ce97a5d5} aComponent={NvramStoreWrap} aText={The UEFI NVRAM file is not existing for this machine}, preserve=false aResultDetail=0
01:18:32.148875 DCon251  Saving settings file "/home/vinicius/VirtualBox VMs/arch-mini/arch-mini.vbox" with version "1.19-linux"
01:18:32.152622 DCon251  Finished saving settings file "/home/vinicius/VirtualBox VMs/arch-mini/arch-mini.vbox"
01:18:32.158206 DCon253  ERROR [COM]: aRC=VBOX_E_OBJECT_NOT_FOUND (0x80bb0001) aIID={5bfd8965-b81b-469f-8649-f717ce97a5d5} aComponent={NvramStoreWrap} aText={The UEFI NVRAM file is not existing for this machine}, preserve=false aResultDetail=0
01:18:32.650002 DCon253  Saving settings file "/home/vinicius/VirtualBox VMs/arch-mini/arch-mini.vbox" with version "1.19-linux"
01:18:32.653671 DCon253  Finished saving settings file "/home/vinicius/VirtualBox VMs/arch-mini/arch-mini.vbox"
01:18:32.659233 DCon257  ERROR [COM]: aRC=VBOX_E_OBJECT_NOT_FOUND (0x80bb0001) aIID={5bfd8965-b81b-469f-8649-f717ce97a5d5} aComponent={NvramStoreWrap} aText={The UEFI NVRAM file is not existing for this machine}, preserve=false aResultDetail=0
01:24:56.935410 DCon272  Saving settings file "/home/vinicius/VirtualBox VMs/arch-mini/arch-mini.vbox" with version "1.19-linux"
01:24:57.667258 DCon272  Finished saving settings file "/home/vinicius/VirtualBox VMs/arch-mini/arch-mini.vbox"
01:24:57.683306 DCon279  ERROR [COM]: aRC=VBOX_E_OBJECT_NOT_FOUND (0x80bb0001) aIID={5bfd8965-b81b-469f-8649-f717ce97a5d5} aComponent={NvramStoreWrap} aText={The UEFI NVRAM file is not existing for this machine}, preserve=false aResultDetail=0
01:24:57.974726 DCon279  Saving settings file "/home/vinicius/VirtualBox VMs/arch-mini/arch-mini.vbox" with version "1.19-linux"
01:24:58.445895 DCon279  Finished saving settings file "/home/vinicius/VirtualBox VMs/arch-mini/arch-mini.vbox"
01:24:58.461541 DCon278  ERROR [COM]: aRC=VBOX_E_OBJECT_NOT_FOUND (0x80bb0001) aIID={5bfd8965-b81b-469f-8649-f717ce97a5d5} aComponent={NvramStoreWrap} aText={The UEFI NVRAM file is not existing for this machine}, preserve=false aResultDetail=0
01:24:58.761014 DCon278  Saving settings file "/home/vinicius/VirtualBox VMs/arch-mini/arch-mini.vbox" with version "1.19-linux"
01:24:59.215964 DCon278  Finished saving settings file "/home/vinicius/VirtualBox VMs/arch-mini/arch-mini.vbox"
01:24:59.229040 DCon270  ERROR [COM]: aRC=VBOX_E_OBJECT_NOT_FOUND (0x80bb0001) aIID={5bfd8965-b81b-469f-8649-f717ce97a5d5} aComponent={NvramStoreWrap} aText={The UEFI NVRAM file is not existing for this machine}, preserve=false aResultDetail=0
01:24:59.547558 DCon277  Saving settings file "/home/vinicius/VirtualBox VMs/arch-mini/arch-mini.vbox" with version "1.19-linux"
01:24:59.920576 DCon277  Finished saving settings file "/home/vinicius/VirtualBox VMs/arch-mini/arch-mini.vbox"
01:24:59.928964 DCon282  ERROR [COM]: aRC=VBOX_E_OBJECT_NOT_FOUND (0x80bb0001) aIID={5bfd8965-b81b-469f-8649-f717ce97a5d5} aComponent={NvramStoreWrap} aText={The UEFI NVRAM file is not existing for this machine}, preserve=false aResultDetail=0
01:25:00.249578 DCon281  Saving settings file "/home/vinicius/VirtualBox VMs/arch-mini/arch-mini.vbox" with version "1.19-linux"
01:25:00.856700 DCon281  Finished saving settings file "/home/vinicius/VirtualBox VMs/arch-mini/arch-mini.vbox"
01:25:00.863151 DCon281  ERROR [COM]: aRC=VBOX_E_OBJECT_NOT_FOUND (0x80bb0001) aIID={5bfd8965-b81b-469f-8649-f717ce97a5d5} aComponent={NvramStoreWrap} aText={The UEFI NVRAM file is not existing for this machine}, preserve=false aResultDetail=0
01:25:01.153058 DCon270  Saving settings file "/home/vinicius/VirtualBox VMs/arch-mini/arch-mini.vbox" with version "1.19-linux"
01:25:01.268505 DCon270  Finished saving settings file "/home/vinicius/VirtualBox VMs/arch-mini/arch-mini.vbox"
01:25:01.274690 DCon281  ERROR [COM]: aRC=VBOX_E_OBJECT_NOT_FOUND (0x80bb0001) aIID={5bfd8965-b81b-469f-8649-f717ce97a5d5} aComponent={NvramStoreWrap} aText={The UEFI NVRAM file is not existing for this machine}, preserve=false aResultDetail=0
01:25:04.625228 DCon279  Saving settings file "/home/vinicius/VirtualBox VMs/arch-mini/arch-mini.vbox" with version "1.19-linux"
01:25:05.305861 DCon279  Finished saving settings file "/home/vinicius/VirtualBox VMs/arch-mini/arch-mini.vbox"
01:25:05.336828 DCon279  ERROR [COM]: aRC=VBOX_E_OBJECT_NOT_FOUND (0x80bb0001) aIID={5bfd8965-b81b-469f-8649-f717ce97a5d5} aComponent={NvramStoreWrap} aText={The UEFI NVRAM file is not existing for this machine}, preserve=false aResultDetail=0
01:25:05.641808 DCon279  Saving settings file "/home/vinicius/VirtualBox VMs/arch-mini/arch-mini.vbox" with version "1.19-linux"
01:25:06.163316 DCon279  Finished saving settings file "/home/vinicius/VirtualBox VMs/arch-mini/arch-mini.vbox"
01:25:06.178742 DCon266  ERROR [COM]: aRC=VBOX_E_OBJECT_NOT_FOUND (0x80bb0001) aIID={5bfd8965-b81b-469f-8649-f717ce97a5d5} aComponent={NvramStoreWrap} aText={The UEFI NVRAM file is not existing for this machine}, preserve=false aResultDetail=0
01:37:55.360718 DCon327  Saving settings file "/home/vinicius/VirtualBox VMs/arch-mini/arch-mini.vbox" with version "1.19-linux"
01:37:55.365597 DCon327  Finished saving settings file "/home/vinicius/VirtualBox VMs/arch-mini/arch-mini.vbox"
01:37:55.372164 DCon324  ERROR [COM]: aRC=VBOX_E_OBJECT_NOT_FOUND (0x80bb0001) aIID={5bfd8965-b81b-469f-8649-f717ce97a5d5} aComponent={NvramStoreWrap} aText={The UEFI NVRAM file is not existing for this machine}, preserve=false aResultDetail=0
01:37:55.869669 DCon295  Saving settings file "/home/vinicius/VirtualBox VMs/arch-mini/arch-mini.vbox" with version "1.19-linux"
01:37:55.874292 DCon295  Finished saving settings file "/home/vinicius/VirtualBox VMs/arch-mini/arch-mini.vbox"
01:37:55.879185 DCon324  ERROR [COM]: aRC=VBOX_E_OBJECT_NOT_FOUND (0x80bb0001) aIID={5bfd8965-b81b-469f-8649-f717ce97a5d5} aComponent={NvramStoreWrap} aText={The UEFI NVRAM file is not existing for this machine}, preserve=false aResultDetail=0
01:50:40.672013 DCon353  Saving settings file "/home/vinicius/VirtualBox VMs/arch-mini/arch-mini.vbox" with version "1.19-linux"
01:50:40.676179 DCon353  Finished saving settings file "/home/vinicius/VirtualBox VMs/arch-mini/arch-mini.vbox"
01:50:40.682055 DCon354  ERROR [COM]: aRC=VBOX_E_OBJECT_NOT_FOUND (0x80bb0001) aIID={5bfd8965-b81b-469f-8649-f717ce97a5d5} aComponent={NvramStoreWrap} aText={The UEFI NVRAM file is not existing for this machine}, preserve=false aResultDetail=0
01:50:41.251059 DCon354  Saving settings file "/home/vinicius/VirtualBox VMs/arch-mini/arch-mini.vbox" with version "1.19-linux"
01:50:41.255216 DCon354  Finished saving settings file "/home/vinicius/VirtualBox VMs/arch-mini/arch-mini.vbox"
01:50:41.261400 DCon354  ERROR [COM]: aRC=VBOX_E_OBJECT_NOT_FOUND (0x80bb0001) aIID={5bfd8965-b81b-469f-8649-f717ce97a5d5} aComponent={NvramStoreWrap} aText={The UEFI NVRAM file is not existing for this machine}, preserve=false aResultDetail=0
01:50:41.555178 DCon360  Saving settings file "/home/vinicius/VirtualBox VMs/arch-mini/arch-mini.vbox" with version "1.19-linux"
01:50:41.559341 DCon360  Finished saving settings file "/home/vinicius/VirtualBox VMs/arch-mini/arch-mini.vbox"
01:50:41.564855 DCon360  ERROR [COM]: aRC=VBOX_E_OBJECT_NOT_FOUND (0x80bb0001) aIID={5bfd8965-b81b-469f-8649-f717ce97a5d5} aComponent={NvramStoreWrap} aText={The UEFI NVRAM file is not existing for this machine}, preserve=false aResultDetail=0
01:50:42.072173 DCon357  Saving settings file "/home/vinicius/VirtualBox VMs/arch-mini/arch-mini.vbox" with version "1.19-linux"
01:50:42.076547 DCon357  Finished saving settings file "/home/vinicius/VirtualBox VMs/arch-mini/arch-mini.vbox"
01:50:42.084185 DCon354  ERROR [COM]: aRC=VBOX_E_OBJECT_NOT_FOUND (0x80bb0001) aIID={5bfd8965-b81b-469f-8649-f717ce97a5d5} aComponent={NvramStoreWrap} aText={The UEFI NVRAM file is not existing for this machine}, preserve=false aResultDetail=0
01:50:43.082643 DCon353  Saving settings file "/home/vinicius/VirtualBox VMs/arch-mini/arch-mini.vbox" with version "1.19-linux"
01:50:43.086642 DCon353  Finished saving settings file "/home/vinicius/VirtualBox VMs/arch-mini/arch-mini.vbox"
01:50:43.092599 DCon354  ERROR [COM]: aRC=VBOX_E_OBJECT_NOT_FOUND (0x80bb0001) aIID={5bfd8965-b81b-469f-8649-f717ce97a5d5} aComponent={NvramStoreWrap} aText={The UEFI NVRAM file is not existing for this machine}, preserve=false aResultDetail=0
01:50:43.618191 DCon355  Saving settings file "/home/vinicius/VirtualBox VMs/arch-mini/arch-mini.vbox" with version "1.19-linux"
01:50:43.622051 DCon355  Finished saving settings file "/home/vinicius/VirtualBox VMs/arch-mini/arch-mini.vbox"
01:50:43.627484 DCon359  ERROR [COM]: aRC=VBOX_E_OBJECT_NOT_FOUND (0x80bb0001) aIID={5bfd8965-b81b-469f-8649-f717ce97a5d5} aComponent={NvramStoreWrap} aText={The UEFI NVRAM file is not existing for this machine}, preserve=false aResultDetail=0
01:50:46.853421 DCon359  Saving settings file "/home/vinicius/VirtualBox VMs/arch-mini/arch-mini.vbox" with version "1.19-linux"
01:50:46.857810 DCon359  Finished saving settings file "/home/vinicius/VirtualBox VMs/arch-mini/arch-mini.vbox"
01:50:46.863682 DCon357  ERROR [COM]: aRC=VBOX_E_OBJECT_NOT_FOUND (0x80bb0001) aIID={5bfd8965-b81b-469f-8649-f717ce97a5d5} aComponent={NvramStoreWrap} aText={The UEFI NVRAM file is not existing for this machine}, preserve=false aResultDetail=0
01:50:47.359440 DCon354  Saving settings file "/home/vinicius/VirtualBox VMs/arch-mini/arch-mini.vbox" with version "1.19-linux"
01:50:47.364306 DCon354  Finished saving settings file "/home/vinicius/VirtualBox VMs/arch-mini/arch-mini.vbox"
01:50:47.370271 DCon358  ERROR [COM]: aRC=VBOX_E_OBJECT_NOT_FOUND (0x80bb0001) aIID={5bfd8965-b81b-469f-8649-f717ce97a5d5} aComponent={NvramStoreWrap} aText={The UEFI NVRAM file is not existing for this machine}, preserve=false aResultDetail=0
02:10:19.021706 DCon426  ERROR [COM]: aRC=NS_ERROR_FAILURE (0x80004005) aIID={83cfdc66-4f20-4569-ad39-8722f7d472b3} aComponent={RecordingSettingsWrap} aText={Recording not started}, preserve=false aResultDetail=0
02:10:19.056369 DCon426  ERROR [COM]: aRC=VBOX_E_OBJECT_NOT_FOUND (0x80bb0001) aIID={5bfd8965-b81b-469f-8649-f717ce97a5d5} aComponent={NvramStoreWrap} aText={The UEFI NVRAM file is not existing for this machine}, preserve=false aResultDetail=0
02:10:19.085809 DCon429  Saving settings file "/home/vinicius/VirtualBox VMs/arch-mini/arch-mini.vbox" with version "1.19-linux"
02:10:19.090688 DCon429  Finished saving settings file "/home/vinicius/VirtualBox VMs/arch-mini/arch-mini.vbox"
02:10:19.104165 DCon426  ERROR [COM]: aRC=NS_ERROR_FAILURE (0x80004005) aIID={83cfdc66-4f20-4569-ad39-8722f7d472b3} aComponent={RecordingSettingsWrap} aText={Recording not started}, preserve=false aResultDetail=0
02:10:19.105342 DCon426  ERROR [COM]: aRC=NS_ERROR_INVALID_ARG (0x80070057) aIID={e36a5081-a82a-40bd-9e4e-42a44d6ce50f} aComponent={SessionMachine} aText={Properties with TRANSIENT or TRANSRESET flag cannot be set or modified if VM is not running}, preserve=false aResultDetail=0
02:10:19.118782 DCon426  ERROR [COM]: aRC=VBOX_E_OBJECT_NOT_FOUND (0x80bb0001) aIID={5bfd8965-b81b-469f-8649-f717ce97a5d5} aComponent={NvramStoreWrap} aText={The UEFI NVRAM file is not existing for this machine}, preserve=false aResultDetail=0
02:10:20.593253 DCon419  ERROR [COM]: aRC=E_ACCESSDENIED (0x80070005) aIID={e36a5081-a82a-40bd-9e4e-42a44d6ce50f} aComponent={MachineWrap} aText={The object functionality is limited}, preserve=false aResultDetail=0
02:10:20.626144 DCon427  ERROR [COM]: aRC=VBOX_E_OBJECT_NOT_FOUND (0x80bb0001) aIID={5bfd8965-b81b-469f-8649-f717ce97a5d5} aComponent={NvramStoreWrap} aText={The UEFI NVRAM file is not existing for this machine}, preserve=false aResultDetail=0
02:10:38.772955 DCon420  ERROR [COM]: aRC=E_ACCESSDENIED (0x80070005) aIID={e36a5081-a82a-40bd-9e4e-42a44d6ce50f} aComponent={MachineWrap} aText={The object functionality is limited}, preserve=false aResultDetail=0
02:10:38.773011 DCon420  Saving settings file "/home/vinicius/.config/VirtualBox/VirtualBox.xml" with version "1.12-linux"
02:10:38.800406 DCon420  Finished saving settings file "/home/vinicius/.config/VirtualBox/VirtualBox.xml"
02:10:38.800450 DCon420  Saving settings file "/home/vinicius/.config/VirtualBox/VirtualBox.xml" with version "1.12-linux"
02:10:38.805313 DCon420  Finished saving settings file "/home/vinicius/.config/VirtualBox/VirtualBox.xml"
02:10:38.805527 DCon419  Saving settings file "/home/vinicius/.config/VirtualBox/VirtualBox.xml" with version "1.12-linux"
02:10:38.812063 DCon419  Finished saving settings file "/home/vinicius/.config/VirtualBox/VirtualBox.xml"
02:10:38.812924 DCon420  Saving settings file "/home/vinicius/.config/VirtualBox/VirtualBox.xml" with version "1.12-linux"
02:10:38.816895 DCon420  Finished saving settings file "/home/vinicius/.config/VirtualBox/VirtualBox.xml"
02:10:38.832218 DCon420  ERROR [COM]: aRC=VBOX_E_OBJECT_NOT_FOUND (0x80bb0001) aIID={5bfd8965-b81b-469f-8649-f717ce97a5d5} aComponent={NvramStoreWrap} aText={The UEFI NVRAM file is not existing for this machine}, preserve=false aResultDetail=0
02:10:40.873544 DCon419  ERROR [COM]: aRC=E_ACCESSDENIED (0x80070005) aIID={e36a5081-a82a-40bd-9e4e-42a44d6ce50f} aComponent={MachineWrap} aText={The object functionality is limited}, preserve=false aResultDetail=0
02:10:40.873732 DCon419  Saving settings file "/home/vinicius/.config/VirtualBox/VirtualBox.xml" with version "1.12-linux"
02:10:40.878885 DCon419  Finished saving settings file "/home/vinicius/.config/VirtualBox/VirtualBox.xml"
02:10:40.878960 DCon419  Saving settings file "/home/vinicius/.config/VirtualBox/VirtualBox.xml" with version "1.12-linux"
02:10:40.882383 DCon419  Finished saving settings file "/home/vinicius/.config/VirtualBox/VirtualBox.xml"
02:10:40.882734 DCon419  Saving settings file "/home/vinicius/.config/VirtualBox/VirtualBox.xml" with version "1.12-linux"
02:10:40.886162 DCon419  Finished saving settings file "/home/vinicius/.config/VirtualBox/VirtualBox.xml"
02:10:40.887066 DCon430  Saving settings file "/home/vinicius/.config/VirtualBox/VirtualBox.xml" with version "1.12-linux"
02:10:40.890376 DCon430  Finished saving settings file "/home/vinicius/.config/VirtualBox/VirtualBox.xml"
02:10:42.937365 DCon430  Platform architecture set to 'x86'
02:10:42.937893 DCon430  ERROR [COM]: aRC=NS_ERROR_FAILURE (0x80004005) aIID={e36a5081-a82a-40bd-9e4e-42a44d6ce50f} aComponent={MachineWrap} aText={Runtime error opening '/home/vinicius/VirtualBox VMs/arch/arch.vbox' for reading VERR_FILE_NOT_FOUND (File not found.).
02:10:42.937912 DCon430  /build/virtualbox/src/VirtualBox-7.2.6/src/VBox/Main/src-server/MachineImpl.cpp[1000] (nsresult Machine::i_registeredInit())}, preserve=false aResultDetail=0
02:10:43.596965 DCon430  Saving settings file "/home/vinicius/.config/VirtualBox/VirtualBox.xml" with version "1.12-linux"
02:10:43.603193 DCon430  Finished saving settings file "/home/vinicius/.config/VirtualBox/VirtualBox.xml"
02:10:43.604623 DCon430  Saving settings file "/home/vinicius/.config/VirtualBox/VirtualBox.xml" with version "1.12-linux"
02:10:43.607854 DCon430  Finished saving settings file "/home/vinicius/.config/VirtualBox/VirtualBox.xml"
02:10:44.179661 DCon430  Saving settings file "/home/vinicius/.config/VirtualBox/VirtualBox.xml" with version "1.12-linux"
02:10:44.184231 DCon430  Finished saving settings file "/home/vinicius/.config/VirtualBox/VirtualBox.xml"
02:10:50.198894 main     VirtualBox: object deletion starts
02:10:50.199239 main     HostDnsMonitor: shutting down ...
02:10:50.212470 main     HostDnsMonitor: shut down
02:10:50.224757 Watcher  ERROR [COM]: aRC=E_ACCESSDENIED (0x80070005) aIID={2ce10519-3c09-45d8-a12d-e887786146b7} aComponent={VirtualBoxWrap} aText={The object is not ready}, preserve=false aResultDetail=0
02:10:50.224818 main     VirtualBox: object deleted
