12/12/2025, 7:52:50 PM GMT-3 0: 

----------------------------------------------
12/12/2025, 7:52:50 PM GMT-3 1: Discord starting: {"releaseChannel":"stable","version":"0.0.118"}, modulepath: /home/vinicius/.config/discord/0.0.118/modules
12/12/2025, 7:52:50 PM GMT-3 2: ✅ webContents.created web1 "index.html"
12/12/2025, 7:52:50 PM GMT-3 3: ✅ window.created win1 "discord"
12/12/2025, 7:52:51 PM GMT-3 4: ✅ webContents.did-finish-load web1
12/12/2025, 7:53:06 PM GMT-3 5: ✅ webContents.created web2 ""
12/12/2025, 7:53:06 PM GMT-3 6: ✅ window.created win2 "Discord"
12/12/2025, 7:53:12 PM GMT-3 7: ✅ webContents.did-finish-load web2
12/12/2025, 7:53:13 PM GMT-3 8: window.close win1
12/12/2025, 7:53:13 PM GMT-3 9: webContents.destroyed web1
12/12/2025, 7:53:13 PM GMT-3 10: window.closed win1
12/12/2025, 11:02:28 PM GMT-3 11: window.close win2
12/12/2025, 11:02:28 PM GMT-3 12: before-quit
12/13/2025, 1:34:57 PM GMT-3 0: 

----------------------------------------------
12/13/2025, 1:34:57 PM GMT-3 1: Discord starting: {"releaseChannel":"stable","version":"0.0.118"}, modulepath: /home/vinicius/.config/discord/0.0.118/modules
12/13/2025, 1:34:57 PM GMT-3 2: ✅ webContents.created web1 ""
12/13/2025, 1:34:57 PM GMT-3 3: ✅ window.created win1 "discord"
12/13/2025, 1:34:57 PM GMT-3 4: ✅ webContents.did-finish-load web1
12/13/2025, 1:34:58 PM GMT-3 5: ✅ webContents.created web2 ""
12/13/2025, 1:34:58 PM GMT-3 6: ✅ window.created win2 "Discord"
12/13/2025, 1:35:00 PM GMT-3 7: ✅ webContents.did-finish-load web2
12/13/2025, 1:35:01 PM GMT-3 8: window.close win1
12/13/2025, 1:35:01 PM GMT-3 9: webContents.destroyed web1
12/13/2025, 1:35:01 PM GMT-3 10: window.closed win1
12/13/2025, 4:22:15 PM GMT-3 11: window.closed win2
12/13/2025, 4:22:15 PM GMT-3 12: quit 0
12/13/2025, 4:22:47 PM GMT-3 0: 

----------------------------------------------
12/13/2025, 4:22:47 PM GMT-3 1: Discord starting: {"releaseChannel":"stable","version":"0.0.118"}, modulepath: /home/vinicius/.config/discord/0.0.118/modules
12/13/2025, 4:22:47 PM GMT-3 2: ✅ webContents.created web1 ""
12/13/2025, 4:22:47 PM GMT-3 3: ✅ window.created win1 "discord"
12/13/2025, 4:22:47 PM GMT-3 4: ✅ webContents.did-finish-load web1
12/13/2025, 4:22:48 PM GMT-3 5: ✅ webContents.created web2 ""
12/13/2025, 4:22:48 PM GMT-3 6: ✅ window.created win2 "Discord"
12/13/2025, 4:22:49 PM GMT-3 7: ✅ webContents.did-finish-load web2
12/13/2025, 4:22:50 PM GMT-3 8: window.close win1
12/13/2025, 4:22:50 PM GMT-3 9: webContents.destroyed web1
12/13/2025, 4:22:50 PM GMT-3 10: window.closed win1
12/13/2025, 4:28:43 PM GMT-3 11: window.close win2
12/13/2025, 4:28:43 PM GMT-3 12: before-quit
12/13/2025, 4:28:43 PM GMT-3 13: window.close win2
12/13/2025, 4:28:43 PM GMT-3 14: webContents.destroyed web2
12/13/2025, 4:28:43 PM GMT-3 15: window.closed win2
12/13/2025, 7:31:48 PM GMT-3 0: 

----------------------------------------------
12/13/2025, 7:31:48 PM GMT-3 1: Discord starting: {"releaseChannel":"stable","version":"0.0.118"}, modulepath: /home/vinicius/.config/discord/0.0.118/modules
12/13/2025, 7:31:48 PM GMT-3 2: ✅ webContents.created web1 ""
12/13/2025, 7:31:48 PM GMT-3 3: ✅ window.created win1 "discord"
12/13/2025, 7:31:48 PM GMT-3 4: ✅ webContents.did-finish-load web1
12/13/2025, 7:31:48 PM GMT-3 5: ✅ webContents.created web2 ""
12/13/2025, 7:31:48 PM GMT-3 6: ✅ window.created win2 "Discord"
12/13/2025, 7:31:51 PM GMT-3 7: ✅ webContents.did-finish-load web2
12/13/2025, 7:31:53 PM GMT-3 8: window.close win1
12/13/2025, 7:31:53 PM GMT-3 9: webContents.destroyed web1
12/13/2025, 7:31:53 PM GMT-3 10: window.closed win1
12/13/2025, 8:17:27 PM GMT-3 11: window.close win2
12/13/2025, 8:17:27 PM GMT-3 12: before-quit
12/13/2025, 8:17:27 PM GMT-3 13: window.close win2
12/13/2025, 8:17:27 PM GMT-3 14: webContents.destroyed web2
12/13/2025, 8:17:27 PM GMT-3 15: window.closed win2
